make : make[2]: warning: -j0 forced in makefile: resetting jobserver mode.
At line:1 char:1
+ make all > build_error.log 2>&1
+ ~~~~~~~~~~~~~~~~~~~~~~~~~~~~~~~
    + CategoryInfo          : NotSpecified: (make[2]: warnin...jobserver mode.:String) [], RemoteException
    + FullyQualifiedErrorId : NativeCommandError
 
main.cpp
In file included from C:/GitHub/Breezehand-Overlay/source/main.cpp:31:
C:/GitHub/Breezehand-Overlay/lib/libultrahand/libtesla/include/tesla.hpp:8185:25: error: 'void 
tsl::elm::ListItem::setText(const std::string&)' cannot be overloaded with 'virtual void 
tsl::elm::ListItem::setText(const std::string&)'
 8185 |             inline void setText(const std::string& text) {
      |                         ^~~~~~~
C:/GitHub/Breezehand-Overlay/lib/libultrahand/libtesla/include/tesla.hpp:7776:33: note: previous declaration 'virtual 
void tsl::elm::ListItem::setText(const std::string&)'
 7776 |             virtual inline void setText(const std::string& text) {
      |                                 ^~~~~~~
C:/GitHub/Breezehand-Overlay/lib/libultrahand/libtesla/include/tesla.hpp: In member function 'virtual void 
tsl::elm::ListItem::draw(tsl::gfx::Renderer*)':
C:/GitHub/Breezehand-Overlay/lib/libultrahand/libtesla/include/tesla.hpp:8038:31: warning: unused variable 
'lineHeight' [-Wunused-variable]
 8038 |                     const s32 lineHeight = m_fontSize + 4;
      |                               ^~~~~~~~~~
C:/GitHub/Breezehand-Overlay/lib/libultrahand/libtesla/include/tesla.hpp:8061:31: warning: unused variable 
'totalTextHeight' [-Wunused-variable]
 8061 |                     const s32 totalTextHeight = totalNoteHeight + (metrics.ascent - metrics.descent);
      |                               ^~~~~~~~~~~~~~~
C:/GitHub/Breezehand-Overlay/lib/libultrahand/libtesla/include/tesla.hpp:7946:27: warning: unused variable 'yOffset' 
[-Wunused-variable]
 7946 |                 const s16 yOffset = ((tsl::style::ListItemDefaultHeight - m_listItemHeight) >> 1) + 1;
      |                           ^~~~~~~
make[2]: *** [/opt/devkitpro/devkitA64/base_rules:16: main.o] Error 1
make[1]: *** [Makefile:234: breezehand] Error 2
make: *** [Makefile:227: all] Error 2
